/* Public application ABI plus the small extension ABI required by backend DSOs. */
RKVC_0.4 {
    global:
        rkvc_version;
        rkvc_abi_version;
        rkvc_status_str;
        rkvc_context_options_init;
        rkvc_context_create;
        rkvc_context_destroy;
        rkvc_probe_device;
        rkvc_backend_count;
        rkvc_backend_id;
        rkvc_request_init;
        rkvc_job_create;
        rkvc_job_start;
        rkvc_job_wait;
        rkvc_job_cancel;
        rkvc_job_destroy;
        rkvc_job_push;
        rkvc_job_pull;
        rkvc_job_push_eos;
        rkvc_frame_wrap_host;
        rkvc_frame_desc_init;
        rkvc_frame_wrap;
        rkvc_frame_retain;
        rkvc_frame_release;
        rkvc_frame_get_spec;
        rkvc_frame_get_data;
        rkvc_frame_get_desc;
        rkvc_frame_ref_count;
        rkvc_backend_frame_create;
        rkvc_backend_frame_create_dmabuf;
        rkvc_diag_fmt_text;
        rkvc_diag_fmt_json;
        rkvc_diag_release;
        rkvc_model_count;
        rkvc_model_info_at;
        rkvc_node_get_port;
        rkvc_port_set_desired;
        rkvc_node_emit;
    local:
        *;
};
